[?1049h[?1000h[?1002h[?1003h[?1015h[?1006h[2;2H[1m[38;5;6;49m┌───────────────────────────────────────────────────────────────────────────────────────────────────────┐[3;2H│                                 Polymarket Real-time Orderbook Viewer                                 │[4;2H└───────────────────────────────────────────────────────────────────────────────────────────────────────┘[5;2H[22m[39;49m┌Market[5;10HSelector────────────────────────────────────────────────────────────────────────────────────────┐[6;2H│[6;4H[1m[38;5;3;49mAll Markets[6;16H[22m[39;49m│[6;18HEvents[6;106H│[7;2H└───────────────────────────────────────────────────────────────────────────────────────────────────────┘[8;2H┌Markets[8;11H(1473[8;17Htotal)────────────────────────────────────────────────────────────────────────[38;5;6;49m 1-62/1473 [39;49m┐[9;2H│[1m[38;5;3;49m1,350+ Measles cases in U.S. before August?[9;106H[22m[39;49m│[10;2H│2025[10;8HJune[10;13Hhottest[10;21Hon[10;24Hrecord?[10;106H│[11;2H│5%[11;6HGDP[11;10Hcontraction[11;22Hin[11;25HQ3[11;28H2025?[11;106H│[12;2H│50%[12;7Htariff[12;14Hgoes[12;19Hinto[12;24Heffect[12;31Hon[12;34HEU[12;37Hby[12;40HJuly[12;45H9?[12;106H│[13;2H│5kt[13;7Hmeteor[13;14Hstrike[13;21Hin[13;24H2025?[13;106H│[14;2H│Abdul-Malik[14;15Hal-Houthi[14;25Hout[14;29Has[14;32Hleader[14;39Hof[14;42Hthe[14;46HHouthi[14;53Hgovernment[14;64Hbefore[14;71HAugust?[14;106H│[15;2H│AfD[15;7Hbanned[15;14Hin[15;17H2025?[15;106H│[16;2H│AI[16;6Hmodel[16;12Hscores[16;19H≥[16;21H90%[16;25Hon[16;28HFrontierMath[16;41HBenchmark[16;51Hin[16;54H2025?[16;106H│[17;2H│AI[17;6Hwins[17;11HIMO[17;15Hgold[17;20Hmedal[17;26Hin[17;29H2025?[17;106H│[18;2H│Aleo[18;8Hairdrop[18;16Hin[18;19HQ3[18;22H2025?[18;106H│[19;2H│Andrew[19;10HTate[19;15Hguilty[19;22Hof[19;25Hhuman[19;31Htrafficking[19;43Hin[19;46H2025?[19;106H│[20;2H│Andy[20;8HJassy[20;14Hout[20;18Has[20;21HAmazon[20;28HCEO[20;32Hin[20;35H2025?[20;106H│[21;2H│Another[21;11HCanada[21;18Helection[21;27Hcalled[21;34Hin[21;37H2025?[21;106H│[22;2H│Another[22;11Hcrypto[22;18Hhack[22;23Hover[22;28H$100m[22;34Hin[22;37H2025?[22;106H│[23;2H│Another[23;11HUS[23;14Hdebt[23;19Hdowngrade[23;29Hin[23;32H2025?[23;106H│[24;2H│Another[24;11HUS[24;14Hmilitary[24;23Haction[24;30Hagainst[24;38HIran[24;43Hbefore[24;50H2026?[24;106H│[25;2H│Another[25;11HUS[25;14Hmilitary[25;23Haction[25;30Hagainst[25;38HIran[25;43Hbefore[25;50HAugust?[25;106H│[26;2H│Any[26;7HTesla[26;13Harsonist[26;22Hfound[26;28Hguilty[26;35Hin[26;38H2025?[26;106H│[27;2H│Apple[27;9Hannounces[27;19HiPhone[27;26Hassembly[27;35Hin[27;38Hthe[27;42HU.S.[27;47Hbefore[27;54HSeptember?[27;106H│[28;2H│Apple[28;9HSiri[28;14Hpartnership[28;26Hwith[28;31HOpenAI/Anthropic[28;48Hbefore[28;55HSeptember?[28;106H│[29;2H│Assad[29;9Hleaves[29;16HRussia[29;23Hbefore[29;30H2026?[29;106H│[30;2H│Astaria[30;11Hairdrop[30;19Hin[30;22HQ3[30;25H2025?[30;106H│[31;2H│Avail[31;9Hairdrop[31;17Hin[31;20HQ3[31;23H2025?[31;106H│[32;2H│Base[32;8Hairdrop[32;16Hin[32;19HQ3[32;22H2025?[32;106H│[33;2H│Bayrou[33;10Hout[33;14Has[33;17HFrench[33;24HPM[33;27Hin[33;30H2025?[33;106H│[34;2H│Biden[34;9Hdiagnosed[34;19Hwith[34;24Hprostate[34;33Hcancer[34;40Hwhile[34;46Hin[34;49Hoffice?[34;106H│[35;2H│Biden[35;9Hseen[35;14Hin[35;17Hpublic[35;24Hbefore[35;31HAugust?[35;106H│[36;2H│Bird[36;8Hflu[36;12Hpandemic[36;21Hbefore[36;28HAugust[36;35H2025?[36;106H│[37;2H│Bird[37;8Hflu[37;12Hvaccine[37;20Hin[37;23H2025?[37;106H│[38;2H│Bitcoin[38;11Habove[38;17H$106,000[38;26Hon[38;29HJuly[38;34H4?[38;106H│[39;2H│Bitcoin[39;11Habove[39;17H$106,000[39;26Hon[39;29HJuly[39;34H9?[39;106H│[40;2H│Bitcoin[40;11Hall[40;15Htime[40;20Hhigh[40;25Hbefore[40;32HAugust?[40;106H│[41;2H│Bitcoin[41;11Hall[41;15Htime[41;20Hhigh[41;25Hbefore[41;32HOctober?[41;106H│[42;2H│Bitcoin[42;11HUp[42;14Hor[42;17HDown[42;22Hon[42;25HJuly[42;30H2?[42;106H│[43;2H│Bitcoin[43;11HUp[43;14Hor[43;17HDown[43;22Hon[43;25HJuly[43;30H3?[43;106H│[44;2H│Bitcoin[44;11HVolatility[44;22HIndex[44;28Habove[44;34H50[44;37Hbefore[44;44HAugust?[44;106H│[45;2H│BOA[45;7Hlaunches[45;16Ha[45;18HUSD[45;22Hstablecoin[45;33Hin[45;36H2025?[45;106H│[46;2H│Bolsonaro[46;13Hguilty?[46;106H│[47;2H│Brazil[47;10Hunemployment[47;23Hbelow[47;29H6.3%[47;34Hfor[47;38HQ4[47;41H2025?[47;106H│[48;2H│Brazilian[48;13HSupreme[48;21HCourt[48;27HMinister[48;36HAlexandre[48;46Hde[48;49HMoraes[48;56Hbe[48;59Himpeached[48;69H2025?[48;106H│[49;2H│Brazil’s[49;12H12-month[49;21Hinflation[49;31Hbelow[49;37H5.50%[49;43Hfor[49;47HDecember[49;56H2025?[49;106H│[50;2H│Cardano[50;11HETF[50;15Hin[50;18H2025?[50;106H│[51;2H│Cardi[51;9HB[51;11Hand[51;15HStefon[51;22HDiggs[51;28Hbreakup[51;36Hbefore[51;43HAugust?[51;106H│[52;2H│Cat[52;7H3+[52;10Hhurricane[52;20Hhits[52;25HMiami[52;31Hin[52;34H2025?[52;106H│[53;2H│China[53;9Hx[53;11HIndia[53;17Hmilitary[53;26Hclash[53;32Hby[53;35HDecember[53;44H31?[53;106H│[54;2H│China[54;9Hx[54;11HPhilippines[54;23Hmilitary[54;32Hclash[54;38Hby[54;41HDecember[54;50H31?[54;106H│[55;2H│China[55;9Hx[55;11HTaiwan[55;18Hmilitary[55;27Hclash[55;33Hby[55;36HDecember[55;45H31?[55;106H│[56;2H│Clarity[56;11HAct[56;15Hsigned[56;22Hinto[56;27Hlaw[56;31Hin[56;34H2025?[56;106H│[57;2H│Cluely[57;10H$1B[57;14Hvaluation[57;24Hin[57;27H2025?[57;106H│[58;2H│Cluely[58;10HCEO[58;14HRoy[58;18HLee[58;22Hin[58;25Hjail[58;30Hin[58;33H2025[58;106H│[59;2H│Congress[59;12Hauthorizes[59;23Hmilitary[59;32Hforce[59;38Hagainst[59;46HIran[59;51Hin[59;54H2025?[59;106H│[60;2H│Dan[60;7HClancy[60;14Hout[60;18Has[60;21HTwitch[60;28HCEO[60;32Hin[60;35H2025?[60;106H│[61;2H│Doge[61;8HETF[61;12Happroved[61;21Hby[61;24HJuly[61;29H31?[61;106H│[62;2H│Doge[62;8HETF[62;12Happroved[62;21Hin[62;24H2025?[62;106H│[63;2H│Dogecoin[63;12Habove[63;18H$0.16[63;24Hon[63;27HJuly[63;32H4?[63;106H│[64;2H│Dogecoin[64;12Hall[64;16Htime[64;21Hhigh[64;26Hbefore[64;33H2026?[64;106H│[65;2H│Dogecoin[65;12HUp[65;15Hor[65;18HDown[65;23Hon[65;26HJuly[65;31H2?[65;106H│[66;2H│Dogecoin[66;12HUp[66;15Hor[66;18HDown[66;23Hon[66;26HJuly[66;31H3?[66;106H│[67;2H│dogwifhat[67;13Hon[67;16Hthe[67;20Hsphere[67;27Hin[67;30H2025?[67;106H│[68;2H│Earthquake[68;14H7.0[68;18Hor[68;21Habove[68;27Hbefore[68;34HAugust?[68;106H│[69;2H│Elon[69;8Hforms[69;14Hnew[69;18Hparty[69;24Hwithin[69;31H1[69;33Hday[69;37Hof[69;40Hthe[69;44Hspending[69;53Hbill[69;58Hpassing?[69;106H│[70;2H│Elon[70;8HMusk[70;13Htrillionaire[70;26Hin[70;29H2025?[70;106H│[71;2H│[71;106H│[72;2H└───────────────────────────────────────────────────────────────────────────────────────────────────────┘[73;2H[38;5;15;49m┌───────────────────────────────────────────────────────────────────────────────────────────────────────┐[74;2H│    ↑↓: Navigate | Tab: Switch tabs | PgUp/PgDn: Fast scroll | Enter: Select | /: Search | q: Quit     │[75;2H└───────────────────────────────────────────────────────────────────────────────────────────────────────┘[39m[49m[59m[0m[?25l[39m[49m[59m[0m[?25l[39m[49m[59m[0m[?25l[39m[49m[59m[0m[?25l[39m[49m[59m[0m[?25l[39m[49m[59m[0m[?25l[39m[49m[59m[0m[?25l[39m[49m[59m[0m[?25l[39m[49m[59m[0m[?25l[39m[49m[59m[0m[?25l[39m[49m[59m[0m[?25l[39m[49m[59m[0m[?25l[39m[49m[59m[0m[?25l[39m[49m[59m[0m[?25l[39m[49m[59m[0m[?25l[39m[49m[59m[0m[?25l[39m[49m[59m[0m[?25l[39m[49m[59m[0m[?25l[39m[49m[59m[0m[?25l[39m[49m[59m[0m[?25l[39m[49m[59m[0m[?25l[39m[49m[59m[0m[?25l[39m[49m[59m[0m[?25l[39m[49m[59m[0m[?25l[39m[49m[59m[0m[?25l[39m[49m[59m[0m[?25l[39m[49m[59m[0m[?25l